// Jest Snapshot v1, https://goo.gl/fbAQLP

exports[`ConfirmDocumentComponent reset resets data 1`] = `
Object {
  "coupon": null,
}
`;
