// Jest Snapshot v1, https://goo.gl/fbAQLP

exports[`currentProject reducer works 1`] = `
Object {
  "entities": Object {
    "projects": Object {},
  },
  "error": null,
  "lastState": null,
  "loaded": false,
  "loading": false,
  "result": "",
  "updatedAt": null,
  "updating": false,
}
`;
